.EE.................EEEEEEEEEEEEEEEEE.E.E...............................FF.......................................................................................
======================================================================
ERROR: test_fit_transcode.test_preserved_message_roundtrip_from_sample
----------------------------------------------------------------------
Traceback (most recent call last):
  File "/home/sander/python/rowingdata/py39/lib/python3.9/site-packages/nose/case.py", line 198, in runTest
    self.test(*self.arg)
  File "/home/sander/python/rowingdata/tests/test_fit_transcode.py", line 29, in test_preserved_message_roundtrip_from_sample
    path = os.environ['ROWINGDATA_GARMIN_SAMPLE_FIT']
  File "/home/sander/.pyenv/versions/3.9.16/lib/python3.9/os.py", line 679, in __getitem__
    raise KeyError(key) from None
KeyError: 'ROWINGDATA_GARMIN_SAMPLE_FIT'

======================================================================
ERROR: test_fit_transcode.test_transcode_writes_split_messages
----------------------------------------------------------------------
Traceback (most recent call last):
  File "/home/sander/python/rowingdata/py39/lib/python3.9/site-packages/nose/case.py", line 198, in runTest
    self.test(*self.arg)
  File "/home/sander/python/rowingdata/tests/test_fit_transcode.py", line 46, in test_transcode_writes_split_messages
    src = os.environ['ROWINGDATA_GARMIN_SAMPLE_FIT']
  File "/home/sander/.pyenv/versions/3.9.16/lib/python3.9/os.py", line 679, in __getitem__
    raise KeyError(key) from None
KeyError: 'ROWINGDATA_GARMIN_SAMPLE_FIT'

======================================================================
ERROR: Export FIT -> rowingdata -> FIT roundtrip.
----------------------------------------------------------------------
Traceback (most recent call last):
  File "/home/sander/python/rowingdata/py39/lib/python3.9/site-packages/nose/case.py", line 198, in runTest
    self.test(*self.arg)
  File "/home/sander/python/rowingdata/tests/test_rowingdata.py", line 771, in test_exporttofit
    row.exporttofit(outfile, sport='rowing')
  File "/home/sander/python/rowingdata/rowingdata/rowingdata.py", line 3216, in exporttofit
    return fitwrite.write_fit(fileName, df, **kwargs)
  File "/home/sander/python/rowingdata/rowingdata/fitwrite.py", line 625, in write_fit
    _spec = fitwrite_spec.load_fit_spec()
  File "/home/sander/python/rowingdata/rowingdata/fitwrite_spec.py", line 183, in load_fit_spec
    mats = _materialize_dev_field_tuples(raw)
  File "/home/sander/python/rowingdata/rowingdata/fitwrite_spec.py", line 147, in _materialize_dev_field_tuples
    raise ValueError('Unknown developer_fields group: %s' % group)
ValueError: Unknown developer_fields group: metadata

======================================================================
ERROR: Export from CSV source to FIT.
----------------------------------------------------------------------
Traceback (most recent call last):
  File "/home/sander/python/rowingdata/py39/lib/python3.9/site-packages/nose/case.py", line 198, in runTest
    self.test(*self.arg)
  File "/home/sander/python/rowingdata/tests/test_rowingdata.py", line 788, in test_exporttofit_csv
    row.exporttofit(outfile, sport='rowing')
  File "/home/sander/python/rowingdata/rowingdata/rowingdata.py", line 3216, in exporttofit
    return fitwrite.write_fit(fileName, df, **kwargs)
  File "/home/sander/python/rowingdata/rowingdata/fitwrite.py", line 625, in write_fit
    _spec = fitwrite_spec.load_fit_spec()
  File "/home/sander/python/rowingdata/rowingdata/fitwrite_spec.py", line 183, in load_fit_spec
    mats = _materialize_dev_field_tuples(raw)
  File "/home/sander/python/rowingdata/rowingdata/fitwrite_spec.py", line 147, in _materialize_dev_field_tuples
    raise ValueError('Unknown developer_fields group: %s' % group)
ValueError: Unknown developer_fields group: metadata

======================================================================
ERROR: Downsampled in-stroke export includes InstrokeAbscissaType / SampleInterval / PointCount.
----------------------------------------------------------------------
Traceback (most recent call last):
  File "/home/sander/python/rowingdata/py39/lib/python3.9/site-packages/nose/case.py", line 198, in runTest
    self.test(*self.arg)
  File "/home/sander/python/rowingdata/tests/test_rowingdata.py", line 995, in test_exporttofit_instroke_axis_downsampled
    row.exporttofit(outfile, sport='rowing', instroke_export='downsampled',
  File "/home/sander/python/rowingdata/rowingdata/rowingdata.py", line 3216, in exporttofit
    return fitwrite.write_fit(fileName, df, **kwargs)
  File "/home/sander/python/rowingdata/rowingdata/fitwrite.py", line 625, in write_fit
    _spec = fitwrite_spec.load_fit_spec()
  File "/home/sander/python/rowingdata/rowingdata/fitwrite_spec.py", line 183, in load_fit_spec
    mats = _materialize_dev_field_tuples(raw)
  File "/home/sander/python/rowingdata/rowingdata/fitwrite_spec.py", line 147, in _materialize_dev_field_tuples
    raise ValueError('Unknown developer_fields group: %s' % group)
ValueError: Unknown developer_fields group: metadata

======================================================================
ERROR: Instroke companion export writes .instroke.json sidecar.
----------------------------------------------------------------------
Traceback (most recent call last):
  File "/home/sander/python/rowingdata/py39/lib/python3.9/site-packages/nose/case.py", line 198, in runTest
    self.test(*self.arg)
  File "/home/sander/python/rowingdata/tests/test_rowingdata.py", line 948, in test_exporttofit_instroke_companion
    row.exporttofit(outfile, sport='rowing', instroke_export='companion')
  File "/home/sander/python/rowingdata/rowingdata/rowingdata.py", line 3216, in exporttofit
    return fitwrite.write_fit(fileName, df, **kwargs)
  File "/home/sander/python/rowingdata/rowingdata/fitwrite.py", line 625, in write_fit
    _spec = fitwrite_spec.load_fit_spec()
  File "/home/sander/python/rowingdata/rowingdata/fitwrite_spec.py", line 183, in load_fit_spec
    mats = _materialize_dev_field_tuples(raw)
  File "/home/sander/python/rowingdata/rowingdata/fitwrite_spec.py", line 147, in _materialize_dev_field_tuples
    raise ValueError('Unknown developer_fields group: %s' % group)
ValueError: Unknown developer_fields group: metadata

======================================================================
ERROR: Instroke downsampled export with custom instroke_downsample_points (e.g. 120).
----------------------------------------------------------------------
Traceback (most recent call last):
  File "/home/sander/python/rowingdata/py39/lib/python3.9/site-packages/nose/case.py", line 198, in runTest
    self.test(*self.arg)
  File "/home/sander/python/rowingdata/tests/test_rowingdata.py", line 1053, in test_exporttofit_instroke_downsampled_custom_points
    row.exporttofit(outfile, sport='rowing', instroke_export='downsampled',
  File "/home/sander/python/rowingdata/rowingdata/rowingdata.py", line 3216, in exporttofit
    return fitwrite.write_fit(fileName, df, **kwargs)
  File "/home/sander/python/rowingdata/rowingdata/fitwrite.py", line 625, in write_fit
    _spec = fitwrite_spec.load_fit_spec()
  File "/home/sander/python/rowingdata/rowingdata/fitwrite_spec.py", line 183, in load_fit_spec
    mats = _materialize_dev_field_tuples(raw)
  File "/home/sander/python/rowingdata/rowingdata/fitwrite_spec.py", line 147, in _materialize_dev_field_tuples
    raise ValueError('Unknown developer_fields group: %s' % group)
ValueError: Unknown developer_fields group: metadata

======================================================================
ERROR: Instroke full export stores up to 127 points per stroke (no downsampling when curve is short).
----------------------------------------------------------------------
Traceback (most recent call last):
  File "/home/sander/python/rowingdata/py39/lib/python3.9/site-packages/nose/case.py", line 198, in runTest
    self.test(*self.arg)
  File "/home/sander/python/rowingdata/tests/test_rowingdata.py", line 1035, in test_exporttofit_instroke_full
    row.exporttofit(outfile, sport='rowing', instroke_export='full')
  File "/home/sander/python/rowingdata/rowingdata/rowingdata.py", line 3216, in exporttofit
    return fitwrite.write_fit(fileName, df, **kwargs)
  File "/home/sander/python/rowingdata/rowingdata/fitwrite.py", line 625, in write_fit
    _spec = fitwrite_spec.load_fit_spec()
  File "/home/sander/python/rowingdata/rowingdata/fitwrite_spec.py", line 183, in load_fit_spec
    mats = _materialize_dev_field_tuples(raw)
  File "/home/sander/python/rowingdata/rowingdata/fitwrite_spec.py", line 147, in _materialize_dev_field_tuples
    raise ValueError('Unknown developer_fields group: %s' % group)
ValueError: Unknown developer_fields group: metadata

======================================================================
ERROR: Instroke export defaults to 'off' – no curve export, backward compatible.
----------------------------------------------------------------------
Traceback (most recent call last):
  File "/home/sander/python/rowingdata/py39/lib/python3.9/site-packages/nose/case.py", line 198, in runTest
    self.test(*self.arg)
  File "/home/sander/python/rowingdata/tests/test_rowingdata.py", line 931, in test_exporttofit_instroke_off_default
    row.exporttofit(outfile, sport='rowing', instroke_export='off')
  File "/home/sander/python/rowingdata/rowingdata/rowingdata.py", line 3216, in exporttofit
    return fitwrite.write_fit(fileName, df, **kwargs)
  File "/home/sander/python/rowingdata/rowingdata/fitwrite.py", line 625, in write_fit
    _spec = fitwrite_spec.load_fit_spec()
  File "/home/sander/python/rowingdata/rowingdata/fitwrite_spec.py", line 183, in load_fit_spec
    mats = _materialize_dev_field_tuples(raw)
  File "/home/sander/python/rowingdata/rowingdata/fitwrite_spec.py", line 147, in _materialize_dev_field_tuples
    raise ValueError('Unknown developer_fields group: %s' % group)
ValueError: Unknown developer_fields group: metadata

======================================================================
ERROR: Instroke summary export adds curve metrics as developer fields (RP3 curve_data).
----------------------------------------------------------------------
Traceback (most recent call last):
  File "/home/sander/python/rowingdata/py39/lib/python3.9/site-packages/nose/case.py", line 198, in runTest
    self.test(*self.arg)
  File "/home/sander/python/rowingdata/tests/test_rowingdata.py", line 1016, in test_exporttofit_instroke_summary_rp3
    row.exporttofit(outfile, sport='rowing', instroke_export='summary')
  File "/home/sander/python/rowingdata/rowingdata/rowingdata.py", line 3216, in exporttofit
    return fitwrite.write_fit(fileName, df, **kwargs)
  File "/home/sander/python/rowingdata/rowingdata/fitwrite.py", line 625, in write_fit
    _spec = fitwrite_spec.load_fit_spec()
  File "/home/sander/python/rowingdata/rowingdata/fitwrite_spec.py", line 183, in load_fit_spec
    mats = _materialize_dev_field_tuples(raw)
  File "/home/sander/python/rowingdata/rowingdata/fitwrite_spec.py", line 147, in _materialize_dev_field_tuples
    raise ValueError('Unknown developer_fields group: %s' % group)
ValueError: Unknown developer_fields group: metadata

======================================================================
ERROR: Export interval workout (RP_interval) to FIT; verify multiple Lap messages and per-interval summaries.
----------------------------------------------------------------------
Traceback (most recent call last):
  File "/home/sander/python/rowingdata/py39/lib/python3.9/site-packages/nose/case.py", line 198, in runTest
    self.test(*self.arg)
  File "/home/sander/python/rowingdata/tests/test_rowingdata.py", line 862, in test_exporttofit_multi_interval
    row.exporttofit(outfile, sport='rowing')
  File "/home/sander/python/rowingdata/rowingdata/rowingdata.py", line 3216, in exporttofit
    return fitwrite.write_fit(fileName, df, **kwargs)
  File "/home/sander/python/rowingdata/rowingdata/fitwrite.py", line 625, in write_fit
    _spec = fitwrite_spec.load_fit_spec()
  File "/home/sander/python/rowingdata/rowingdata/fitwrite_spec.py", line 183, in load_fit_spec
    mats = _materialize_dev_field_tuples(raw)
  File "/home/sander/python/rowingdata/rowingdata/fitwrite_spec.py", line 147, in _materialize_dev_field_tuples
    raise ValueError('Unknown developer_fields group: %s' % group)
ValueError: Unknown developer_fields group: metadata

======================================================================
ERROR: Export NK Logbook data (Oarlock/SpeedCoach format) to FIT and verify roundtrip.
----------------------------------------------------------------------
Traceback (most recent call last):
  File "/home/sander/python/rowingdata/py39/lib/python3.9/site-packages/nose/case.py", line 198, in runTest
    self.test(*self.arg)
  File "/home/sander/python/rowingdata/tests/test_rowingdata.py", line 851, in test_exporttofit_nk_oarlock
    row.exporttofit(outfile, sport='rowing')
  File "/home/sander/python/rowingdata/rowingdata/rowingdata.py", line 3216, in exporttofit
    return fitwrite.write_fit(fileName, df, **kwargs)
  File "/home/sander/python/rowingdata/rowingdata/fitwrite.py", line 625, in write_fit
    _spec = fitwrite_spec.load_fit_spec()
  File "/home/sander/python/rowingdata/rowingdata/fitwrite_spec.py", line 183, in load_fit_spec
    mats = _materialize_dev_field_tuples(raw)
  File "/home/sander/python/rowingdata/rowingdata/fitwrite_spec.py", line 147, in _materialize_dev_field_tuples
    raise ValueError('Unknown developer_fields group: %s' % group)
ValueError: Unknown developer_fields group: metadata

======================================================================
ERROR: Export NK Logbook data to FIT; verify oarlock developer fields (catch, finish, slip, wash, peakforceangle, effectiveLength).
----------------------------------------------------------------------
Traceback (most recent call last):
  File "/home/sander/python/rowingdata/py39/lib/python3.9/site-packages/nose/case.py", line 198, in runTest
    self.test(*self.arg)
  File "/home/sander/python/rowingdata/tests/test_rowingdata.py", line 909, in test_exporttofit_nk_oarlock_scalars
    row.exporttofit(outfile, sport='rowing')
  File "/home/sander/python/rowingdata/rowingdata/rowingdata.py", line 3216, in exporttofit
    return fitwrite.write_fit(fileName, df, **kwargs)
  File "/home/sander/python/rowingdata/rowingdata/fitwrite.py", line 625, in write_fit
    _spec = fitwrite_spec.load_fit_spec()
  File "/home/sander/python/rowingdata/rowingdata/fitwrite_spec.py", line 183, in load_fit_spec
    mats = _materialize_dev_field_tuples(raw)
  File "/home/sander/python/rowingdata/rowingdata/fitwrite_spec.py", line 147, in _materialize_dev_field_tuples
    raise ValueError('Unknown developer_fields group: %s' % group)
ValueError: Unknown developer_fields group: metadata

======================================================================
ERROR: When overwrite=False and file exists, raise FileExistsError.
----------------------------------------------------------------------
Traceback (most recent call last):
  File "/home/sander/python/rowingdata/py39/lib/python3.9/site-packages/nose/case.py", line 198, in runTest
    self.test(*self.arg)
  File "/home/sander/python/rowingdata/tests/test_rowingdata.py", line 1159, in test_exporttofit_overwrite_false_raises
    row.exporttofit(outfile, sport='rowing')
  File "/home/sander/python/rowingdata/rowingdata/rowingdata.py", line 3216, in exporttofit
    return fitwrite.write_fit(fileName, df, **kwargs)
  File "/home/sander/python/rowingdata/rowingdata/fitwrite.py", line 625, in write_fit
    _spec = fitwrite_spec.load_fit_spec()
  File "/home/sander/python/rowingdata/rowingdata/fitwrite_spec.py", line 183, in load_fit_spec
    mats = _materialize_dev_field_tuples(raw)
  File "/home/sander/python/rowingdata/rowingdata/fitwrite_spec.py", line 147, in _materialize_dev_field_tuples
    raise ValueError('Unknown developer_fields group: %s' % group)
ValueError: Unknown developer_fields group: metadata

======================================================================
ERROR: RP3 rel_peak_force_pos / peak_force_pos export as PeakForcePosition* developer fields.
----------------------------------------------------------------------
Traceback (most recent call last):
  File "/home/sander/python/rowingdata/py39/lib/python3.9/site-packages/nose/case.py", line 198, in runTest
    self.test(*self.arg)
  File "/home/sander/python/rowingdata/tests/test_rowingdata.py", line 975, in test_exporttofit_peak_force_position_rp3
    row.exporttofit(outfile, sport='rowing', instroke_export='off')
  File "/home/sander/python/rowingdata/rowingdata/rowingdata.py", line 3216, in exporttofit
    return fitwrite.write_fit(fileName, df, **kwargs)
  File "/home/sander/python/rowingdata/rowingdata/fitwrite.py", line 625, in write_fit
    _spec = fitwrite_spec.load_fit_spec()
  File "/home/sander/python/rowingdata/rowingdata/fitwrite_spec.py", line 183, in load_fit_spec
    mats = _materialize_dev_field_tuples(raw)
  File "/home/sander/python/rowingdata/rowingdata/fitwrite_spec.py", line 147, in _materialize_dev_field_tuples
    raise ValueError('Unknown developer_fields group: %s' % group)
ValueError: Unknown developer_fields group: metadata

======================================================================
ERROR: When instroke_export='companion', return dict with companion_file path.
----------------------------------------------------------------------
Traceback (most recent call last):
  File "/home/sander/python/rowingdata/py39/lib/python3.9/site-packages/nose/case.py", line 198, in runTest
    self.test(*self.arg)
  File "/home/sander/python/rowingdata/tests/test_rowingdata.py", line 1127, in test_exporttofit_return_companion
    result = row.exporttofit(outfile, sport='rowing', instroke_export='companion')
  File "/home/sander/python/rowingdata/rowingdata/rowingdata.py", line 3216, in exporttofit
    return fitwrite.write_fit(fileName, df, **kwargs)
  File "/home/sander/python/rowingdata/rowingdata/fitwrite.py", line 625, in write_fit
    _spec = fitwrite_spec.load_fit_spec()
  File "/home/sander/python/rowingdata/rowingdata/fitwrite_spec.py", line 183, in load_fit_spec
    mats = _materialize_dev_field_tuples(raw)
  File "/home/sander/python/rowingdata/rowingdata/fitwrite_spec.py", line 147, in _materialize_dev_field_tuples
    raise ValueError('Unknown developer_fields group: %s' % group)
ValueError: Unknown developer_fields group: metadata

======================================================================
ERROR: When instroke_export='off' but data has curve columns, return dict with instroke_columns_available.
----------------------------------------------------------------------
Traceback (most recent call last):
  File "/home/sander/python/rowingdata/py39/lib/python3.9/site-packages/nose/case.py", line 198, in runTest
    self.test(*self.arg)
  File "/home/sander/python/rowingdata/tests/test_rowingdata.py", line 1108, in test_exporttofit_return_instroke_detected
    result = row.exporttofit(outfile, sport='rowing', instroke_export='off')
  File "/home/sander/python/rowingdata/rowingdata/rowingdata.py", line 3216, in exporttofit
    return fitwrite.write_fit(fileName, df, **kwargs)
  File "/home/sander/python/rowingdata/rowingdata/fitwrite.py", line 625, in write_fit
    _spec = fitwrite_spec.load_fit_spec()
  File "/home/sander/python/rowingdata/rowingdata/fitwrite_spec.py", line 183, in load_fit_spec
    mats = _materialize_dev_field_tuples(raw)
  File "/home/sander/python/rowingdata/rowingdata/fitwrite_spec.py", line 147, in _materialize_dev_field_tuples
    raise ValueError('Unknown developer_fields group: %s' % group)
ValueError: Unknown developer_fields group: metadata

======================================================================
ERROR: When no notable conditions, return None.
----------------------------------------------------------------------
Traceback (most recent call last):
  File "/home/sander/python/rowingdata/py39/lib/python3.9/site-packages/nose/case.py", line 198, in runTest
    self.test(*self.arg)
  File "/home/sander/python/rowingdata/tests/test_rowingdata.py", line 1145, in test_exporttofit_return_none
    result = row.exporttofit(outfile, sport='rowing')
  File "/home/sander/python/rowingdata/rowingdata/rowingdata.py", line 3216, in exporttofit
    return fitwrite.write_fit(fileName, df, **kwargs)
  File "/home/sander/python/rowingdata/rowingdata/fitwrite.py", line 625, in write_fit
    _spec = fitwrite_spec.load_fit_spec()
  File "/home/sander/python/rowingdata/rowingdata/fitwrite_spec.py", line 183, in load_fit_spec
    mats = _materialize_dev_field_tuples(raw)
  File "/home/sander/python/rowingdata/rowingdata/fitwrite_spec.py", line 147, in _materialize_dev_field_tuples
    raise ValueError('Unknown developer_fields group: %s' % group)
ValueError: Unknown developer_fields group: metadata

======================================================================
ERROR: fit_export_spec.json loads; field IDs and names match exporter expectations.
----------------------------------------------------------------------
Traceback (most recent call last):
  File "/home/sander/python/rowingdata/py39/lib/python3.9/site-packages/nose/case.py", line 198, in runTest
    self.test(*self.arg)
  File "/home/sander/python/rowingdata/tests/test_rowingdata.py", line 1073, in test_fit_export_spec_loads
    spec = fitwrite_spec.load_fit_spec()
  File "/home/sander/python/rowingdata/rowingdata/fitwrite_spec.py", line 183, in load_fit_spec
    mats = _materialize_dev_field_tuples(raw)
  File "/home/sander/python/rowingdata/rowingdata/fitwrite_spec.py", line 147, in _materialize_dev_field_tuples
    raise ValueError('Unknown developer_fields group: %s' % group)
ValueError: Unknown developer_fields group: metadata

======================================================================
ERROR: Verify developer fields written by fitwrite.py can be read via FITParser (fitparse).
----------------------------------------------------------------------
Traceback (most recent call last):
  File "/home/sander/python/rowingdata/py39/lib/python3.9/site-packages/nose/case.py", line 198, in runTest
    self.test(*self.arg)
  File "/home/sander/python/rowingdata/tests/test_rowingdata.py", line 804, in test_fitwrite_developer_fields_readable
    row.exporttofit(outfile, sport='rowing')
  File "/home/sander/python/rowingdata/rowingdata/rowingdata.py", line 3216, in exporttofit
    return fitwrite.write_fit(fileName, df, **kwargs)
  File "/home/sander/python/rowingdata/rowingdata/fitwrite.py", line 625, in write_fit
    _spec = fitwrite_spec.load_fit_spec()
  File "/home/sander/python/rowingdata/rowingdata/fitwrite_spec.py", line 183, in load_fit_spec
    mats = _materialize_dev_field_tuples(raw)
  File "/home/sander/python/rowingdata/rowingdata/fitwrite_spec.py", line 147, in _materialize_dev_field_tuples
    raise ValueError('Unknown developer_fields group: %s' % group)
ValueError: Unknown developer_fields group: metadata

======================================================================
ERROR: StrokeWork (FIT id 19) exports from WorkPerStroke / driveenergy and parses as strokework.
----------------------------------------------------------------------
Traceback (most recent call last):
  File "/home/sander/python/rowingdata/py39/lib/python3.9/site-packages/nose/case.py", line 198, in runTest
    self.test(*self.arg)
  File "/home/sander/python/rowingdata/tests/test_rowingdata.py", line 834, in test_fitwrite_strokework_roundtrip
    row.exporttofit(outfile, sport='rowing')
  File "/home/sander/python/rowingdata/rowingdata/rowingdata.py", line 3216, in exporttofit
    return fitwrite.write_fit(fileName, df, **kwargs)
  File "/home/sander/python/rowingdata/rowingdata/fitwrite.py", line 625, in write_fit
    _spec = fitwrite_spec.load_fit_spec()
  File "/home/sander/python/rowingdata/rowingdata/fitwrite_spec.py", line 183, in load_fit_spec
    mats = _materialize_dev_field_tuples(raw)
  File "/home/sander/python/rowingdata/rowingdata/fitwrite_spec.py", line 147, in _materialize_dev_field_tuples
    raise ValueError('Unknown developer_fields group: %s' % group)
ValueError: Unknown developer_fields group: metadata

======================================================================
FAIL: test_check_22_davidfit_fit_gz (test_rowingdata.TestSequence)
----------------------------------------------------------------------
Traceback (most recent call last):
  File "/home/sander/python/rowingdata/py39/lib/python3.9/site-packages/parameterized/parameterized.py", line 392, in standalone_func
    return func(*(a + p.args), **p.kwargs)
  File "/home/sander/python/rowingdata/tests/test_rowingdata.py", line 1194, in test_check
    assert_equal(value,expected[key])
AssertionError: 16 != 1

======================================================================
FAIL: test_check_23_davidfit_fit (test_rowingdata.TestSequence)
----------------------------------------------------------------------
Traceback (most recent call last):
  File "/home/sander/python/rowingdata/py39/lib/python3.9/site-packages/parameterized/parameterized.py", line 392, in standalone_func
    return func(*(a + p.args), **p.kwargs)
  File "/home/sander/python/rowingdata/tests/test_rowingdata.py", line 1194, in test_check
    assert_equal(value,expected[key])
AssertionError: 16 != 1

----------------------------------------------------------------------
Ran 161 tests in 47.654s

FAILED (errors=21, failures=2)
