python : test_rowingdata.TestAddPowerZones.test_bearing ... ok
At C:\Users\sanderr\AppData\Local\Temp\ps-script-190baf26-326f-48ab-826b-d1ed2aaf9a11.ps1:95 char:42
+ ... rs\sanderr\projects\rowingdata; python -m nose tests/ -v 2>&1 | Out-F ...
+                                     ~~~~~~~~~~~~~~~~~~~~~~~~~~~~~
    + CategoryInfo          : NotSpecified: (test_rowingdata..._bearing ... ok:String) [], RemoteException
    + FullyQualifiedErrorId : NativeCommandError
 
test_rowingdata.TestBasicRowingData.test_basic_rowingdata ... ok
test_rowingdata.TestBasicRowingData.test_filetype ... ok
test_rowingdata.TestBasicRowingData.test_intervals_rowingdata ... ok
test_rowingdata.TestBearing.test_bearing ... ok
test_rowingdata.TestBoatCoachParser.testboatcoach ... ok
test_rowingdata.TestCharts.test_plot_erg ... ok
test_rowingdata.TestCharts.test_plot_otw ... ok
test_rowingdata.TestCorrectedRowingData.test_basic_rowingdata ... ok
test_rowingdata.TestCorrectedRowingData.test_filetype ... ok
test_rowingdata.TestCumCP.test_cumcp ... ok
test_rowingdata.TestCumCP.test_histo ... ok
test_rowingdata.TestCurveData.testcurvedata ... ok
test_rowingdata.TestEmpty.test_write_csv ... ok
test_rowingdata.TestEmpty.test_write_tcx ... ok
test_rowingdata.TestErgData.testergdata ... ok
test_rowingdata.TestErgStickParser.testergstick ... ok
Export FIT -> rowingdata -> FIT roundtrip. ... ok
Export from CSV source to FIT. ... ok
Instroke companion export writes .instroke.json sidecar. ... ok
Instroke export defaults to 'off' û no curve export, backward compatible. ... ok
Instroke summary export adds curve metrics as developer fields (RP3 curve_data). ... ok
Export interval workout (RP_interval) to FIT; verify multiple Lap messages and per-interval summaries. ... ok
Export NK Logbook data (Oarlock/SpeedCoach format) to FIT and verify roundtrip. ... ok
Export NK Logbook data to FIT; verify oarlock developer fields (catch, finish, slip, wash, peakforceangle, 
effectiveLength). ... ok
_detect_instroke_columns finds curve_data and Quiske curve columns. ... ok
Verify developer fields written by fitwrite.py can be read via FITParser (fitparse). ... ok
test_rowingdata.TestFITParser.testfit ... ok
test_rowingdata.TestFITParser.testfitsummary ... ok
test_rowingdata.TestFit.test_read_fit ... ok
test_rowingdata.TestFit.test_read_fit_stream ... ok
test_rowingdata.TestForceUnits.testpainsled ... ok
test_rowingdata.TestForceUnits.testspeedcoach ... ok
test_rowingdata.TestImpeller.test_impeller ... ok
test_rowingdata.TestMysteryParser.testmystery ... ok
test_rowingdata.TestOperations.test_add_overlap ... ok
test_rowingdata.TestOperations.test_addition ... ok
test_rowingdata.TestOperations.test_getvalues ... ok
test_rowingdata.TestOperations.test_repair ... ok
test_rowingdata.TestOperations.test_spmfromtimestamp ... ok
test_rowingdata.TestPhysics.test_getpower ... ok
test_rowingdata.TestRowProParser.testrowpro ... ok
test_rowingdata.TestRowProParserIntervals.testrowprointervals ... ok
test_check_00_strava_export_tcx (test_rowingdata.TestSequence) ... ok
test_check_01_quiske_per_stroke_new_csv (test_rowingdata.TestSequence) ... ok
test_check_02_boatcoach_fixed_distance_csv (test_rowingdata.TestSequence) ... ok
test_check_03_rowpro_carrick_csv (test_rowingdata.TestSequence) ... ok
test_check_04_fromnk_csv_gz (test_rowingdata.TestSequence) ... ok
test_check_05_herodata_csv (test_rowingdata.TestSequence) ... ok
test_check_06_nk_logbook_csv (test_rowingdata.TestSequence) ... ok
test_check_07_SpdCoachAmbiguous_csv (test_rowingdata.TestSequence) ... ok
test_check_08_rowingdata_eth_csv (test_rowingdata.TestSequence) ... ok
test_check_09_spdcoach2noheader_csv (test_rowingdata.TestSequence) ... ok
test_check_10_ritmointervals_csv (test_rowingdata.TestSequence) ... ok
test_check_11_humon (test_rowingdata.TestSequence) ... ok
test_check_12_rp3intervals_csv (test_rowingdata.TestSequence) ... ok
test_check_13_aritmo_csv (test_rowingdata.TestSequence) ... ok
test_check_14_invalidchar_tcx (test_rowingdata.TestSequence) ... ok
test_check_15_bc3_csv (test_rowingdata.TestSequence) ... ok
test_check_16_bc1_csv (test_rowingdata.TestSequence) ... ok
test_check_17_EUBoatCoach_csv (test_rowingdata.TestSequence) ... ok
test_check_18_quiske_per_stroke_seat_csv (test_rowingdata.TestSequence) ... ok
test_check_19_quiske_per_stroke_left_csv (test_rowingdata.TestSequence) ... ok
test_check_20_quiske_per_stroke_right_csv (test_rowingdata.TestSequence) ... ok
test_check_21_boatcoach_csv_gz (test_rowingdata.TestSequence) ... ok
test_check_22_davidfit_fit_gz (test_rowingdata.TestSequence) ... ok
test_check_23_davidfit_fit (test_rowingdata.TestSequence) ... ok
test_check_24_NKLiNKv130_csv (test_rowingdata.TestSequence) ... ok
test_check_25_NKLiNKv130_csv_gz (test_rowingdata.TestSequence) ... ok
test_check_26_testdata_csv_gz (test_rowingdata.TestSequence) ... ok
test_check_27_boatcoach_otw_csv_gz (test_rowingdata.TestSequence) ... ok
test_check_28_boatcoach_otw_csv (test_rowingdata.TestSequence) ... ok
test_check_29_coxmate_csv_gz (test_rowingdata.TestSequence) ... ok
test_check_30_coxmate_csv (test_rowingdata.TestSequence) ... ok
test_check_31_2016_03_25_0758_CSV (test_rowingdata.TestSequence) ... ok
test_check_32_2016_03_25_0758_data_CSV (test_rowingdata.TestSequence) ... ok
test_check_33_2x20min_o_csv (test_rowingdata.TestSequence) ... ok
test_check_34_3km_cd_o_csv (test_rowingdata.TestSequence) ... ok
test_check_35_3x250m_fit (test_rowingdata.TestSequence) ... ok
test_check_36_boatcoach_csv (test_rowingdata.TestSequence) ... ok
test_check_37_crewnerd_interval_csv_gz (test_rowingdata.TestSequence) ... ok
test_check_38_crewnerd_interval_csv (test_rowingdata.TestSequence) ... ok
test_check_39_crewnerddata_CSV (test_rowingdata.TestSequence) ... ok
test_check_40_crewnerddata_tcx_gz (test_rowingdata.TestSequence) ... ok
test_check_41_crewnerddata_tcx (test_rowingdata.TestSequence) ... ok
test_check_42_crewnerddata_o_CSV (test_rowingdata.TestSequence) ... ok
test_check_43_ergdata_example_csv_gz (test_rowingdata.TestSequence) ... ok
test_check_44_ergdata_example_csv (test_rowingdata.TestSequence) ... ok
test_check_45_ergstick_csv_gz (test_rowingdata.TestSequence) ... ok
test_check_46_ergstick_csv (test_rowingdata.TestSequence) ... ok
test_check_47_ergstick_o_csv (test_rowingdata.TestSequence) ... ok
test_check_48_example_csv (test_rowingdata.TestSequence) ... ok
test_check_49_example_data_csv (test_rowingdata.TestSequence) ... ok
test_check_50_mystery_csv (test_rowingdata.TestSequence) ... ok
test_check_51_NoHR_tcx (test_rowingdata.TestSequence) ... ok
test_check_52_painsled_desktop_example_csv (test_rowingdata.TestSequence) ... ok
test_check_53_painsled_out_data_csv (test_rowingdata.TestSequence) ... ok
test_check_54_painsled_to_csv_20160221_105218_erg_400150318_760465m_csv_gz (test_rowingdata.TestSequence) ... ok
test_check_55_painsled_to_csv_20160221_105218_erg_400150318_760465m_csv (test_rowingdata.TestSequence) ... ok
test_check_56_rowinginmotionexample_TCX (test_rowingdata.TestSequence) ... ok
test_check_57_RP_interval_csv_gz (test_rowingdata.TestSequence) ... ok
test_check_58_RP_interval_csv (test_rowingdata.TestSequence) ... ok
test_check_59_rp_out_csv (test_rowingdata.TestSequence) ... ok
test_check_60_RP_testdata_csv (test_rowingdata.TestSequence) ... ok
test_check_61_SpeedCoach_GPS_Workout_csv_gz (test_rowingdata.TestSequence) ... ok
test_check_62_SpeedCoach_GPS_Workout_csv (test_rowingdata.TestSequence) ... ok
test_check_63_Speedcoach2example_csv (test_rowingdata.TestSequence) ... ok
test_check_64_SpeedCoach2Link_interval_csv (test_rowingdata.TestSequence) ... ok
test_check_65_SpeedCoach2Linkv1_27_csv (test_rowingdata.TestSequence) ... ok
test_check_66_speedcoach2test2_csv (test_rowingdata.TestSequence) ... ok
test_check_67_speedcoach3test3_csv (test_rowingdata.TestSequence) ... ok
test_check_68_speedcoachexample_csv_gz (test_rowingdata.TestSequence) ... ok
test_check_69_speedcoachexample_csv (test_rowingdata.TestSequence) ... ok
test_check_70_testdata_csv (test_rowingdata.TestSequence) ... ok
test_check_71_tim_csv (test_rowingdata.TestSequence) ... ok
test_check_72_testlapidx_csv (test_rowingdata.TestSequence) ... ok
test_check_73_rowperfect_csv_gz (test_rowingdata.TestSequence) ... ok
test_check_74_rowperfect_csv (test_rowingdata.TestSequence) ... ok
test_check_75_rowpro5_csv (test_rowingdata.TestSequence) ... ok
test_check_76_NKEmporfromgreg_csv (test_rowingdata.TestSequence) ... ok
test_check_77_SpeedCoach2v2_12_csv (test_rowingdata.TestSequence) ... ok
test_check_78_kinomap_csv (test_rowingdata.TestSequence) ... ok
test_check_79_impeller_empower_csv (test_rowingdata.TestSequence) ... ok
test_check_80_ergstick2_csv (test_rowingdata.TestSequence) ... ok
test_check_81_painsled_tcx (test_rowingdata.TestSequence) ... ok
test_rowingdata.TestSpeedCoach2Parser.testspeedcoach2 ... ok
test_rowingdata.TestSpeedCoach2_v127Parser.testspeedcoach2v127 ... ok
test_rowingdata.TestStringParser.teststringparser ... ok
test_rowingdata.TestSummaries.test_newsummary ... ok
test_rowingdata.TestSummaries.test_summary ... ok
test_rowingdata.TestTCX.test_read_tcx ... ok
test_rowingdata.TestTCX.test_read_tcx_alternative ... ok
test_rowingdata.TestTCXExport.testtcxexport ... ok
test_rowingdata.TestpainsledDesktopParser.testpainsleddesktop ... ok
test_rowingdata.TestspeedcoachParser.testspeedcoach ... ok
testparser.TestParser.test10km ... ok
testparser.TestParser.test8x500m ... ok
testparser.TestParser.testfourtimes1km ... ok
testparser.TestParser.testgreg1 ... ok
testparser.TestParser.testgreg2 ... ok
testparser.TestParser.testgreg3 ... ok
testparser.TestParser.testgreg4 ... ok
testparser.TestParser.testgreg5 ... ok
testparser.TestParser.testgreg6 ... ok
testparser.TestParser.testsixmins ... ok
testparser.TestParser.testtwokonoff ... ok

----------------------------------------------------------------------
Ran 146 tests in 114.229s

OK
